===== Turbonomic VM Collection =====
[INFO] Cookie missing or invalid → logging in
curl: option : blank argument where content is expected
curl: try 'curl --help' or 'curl --manual' for more information
===== Turbonomic VM Collection =====
[INFO] Cookie missing or invalid → logging in
curl: option : blank argument where content is expected
curl: try 'curl --help' or 'curl --manual' for more information
===== Turbonomic VM Collection =====
[INFO] Cookie missing or invalid → logging in
curl: option : blank argument where content is expected
curl: try 'curl --help' or 'curl --manual' for more information
===== Turbonomic VM Collection =====
[INFO] Cookie missing or invalid → logging in
<html>
<head><title>301 Moved Permanently</title></head>
<body>
<center><h1>301 Moved Permanently</h1></center>
<hr><center>nginx</center>
</body>
</html>
jq: parse error: Invalid numeric literal at line 1, column 7
===== Turbonomic VM Collection =====
[INFO] Cookie missing or invalid → logging in
<html>
<head><title>405 Not Allowed</title></head>
<body>
<center><h1>405 Not Allowed</h1></center>
<hr><center>nginx</center>
</body>
</html>
[ERROR] Login failed: JSESSIONID not found in cookie
===== Turbonomic VM Collection =====
[INFO] Cookie missing or invalid → logging in
<html>
<head><title>405 Not Allowed</title></head>
<body>
<center><h1>405 Not Allowed</h1></center>
<hr><center>nginx</center>
</body>
</html>
[ERROR] Login failed: JSESSIONID not found in cookie
===== Turbonomic VM Collection =====
[INFO] Cookie missing or invalid → logging in
/Users/yi.guo/cpp/turbo-gui/backend/scripts/login.sh: line 4: LOGIN_ENDPOINT: unbound variable
===== Turbonomic VM Collection =====
[INFO] Cookie missing or invalid → logging in
[INFO] Logging in to Turbonomic
[ERROR] Login failed (HTTP 401)
<ErrorApiDTO><type>401</type><exception>com.vmturbo.api.exceptions.InvalidCredentialsException: Authentication failed</exception><message>Authentication failed</message></ErrorApiDTO>===== Turbonomic VM Collection =====
[INFO] Cookie missing or invalid → logging in
[INFO] Logging in to Turbonomic
[INFO] Login successful, cookie generated
jq: parse error: Invalid numeric literal at line 1, column 99
===== Turbonomic VM Collection =====
jq: parse error: Invalid numeric literal at line 1, column 99
===== Turbonomic VM Collection =====
jq: parse error: Invalid numeric literal at line 2, column 0
===== Turbonomic VM Collection =====
/Users/yi.guo/cpp/turbo-gui/backend/scripts/get_all_vms.sh
/Users/yi.guo/cpp/turbo-gui/backend/scripts/parse_vms.sh...
jq: parse error: Invalid numeric literal at line 2, column 0
===== Turbonomic VM Collection =====
/Users/yi.guo/cpp/turbo-gui/backend/scripts/get_all_vms.sh ......
/Users/yi.guo/cpp/turbo-gui/backend/scripts/parse_vms.sh .......
jq: parse error: Invalid numeric literal at line 2, column 0
===== Turbonomic VM Collection =====
Fetching first page...
jq: parse error: Invalid numeric literal at line 2, column 0
Initial request returned no data. Check API and cookies. Exiting.
===== Turbonomic VM Collection =====
/Users/yi.guo/cpp/turbo-gui/backend/scripts/get_all_vms.sh: line 60: unexpected EOF while looking for matching `"'
/Users/yi.guo/cpp/turbo-gui/backend/scripts/get_all_vms.sh: line 61: syntax error: unexpected end of file
===== Turbonomic VM Collection =====
Fetching first page...
jq: parse error: Invalid numeric literal at line 2, column 0
Initial request returned no data. Check API and cookies. Exiting.
