fnoc-ppcp-xet1|fnoc-ppcp-xet1.autodata.org
fnoc-ppcp-xla1|fnoc-ppcp-xla1
fnoc-ppcp-xlb1|fnoc-ppcp-xlb1.autodata.org
fnoc-ppcp-xlb2|fnoc-ppcp-xlb2.autodata.org
fnoc-ppcp-xmys1|fnoc-ppcp-xmys1
fnoc-ppcp-xmys2|fnoc-ppcp-xmys2
fnoc-ppcp-xmys4|fnoc-ppcp-xmys4
fnoc-ppcp-xre1|fnoc-ppcp-xre1.autodata.org
fnoc-ppcp-xso1|fnoc-ppcp-xso1.autodata.org
fnoc-ppcp-xso2|fnoc-ppcp-xso2.autodata.org
fnoc-ppcp-xso3|fnoc-ppcp-xso3.autodata.org
fnoc-ppcp-xso4|fnoc-ppcp-xso4.autodata.org
fnoc-ppcp-xso5|fnoc-ppcp-xso5.autodata.org
fnoc-ppcp-xso6|fnoc-ppcp-xso6.autodata.org
fnoc-ppcp-xws1|fnoc-ppcp-xws1.autodata.org
fnoc-ppcp-xws2|fnoc-ppcp-xws2.autodata.org
lnoc-ppcp-xet1|lnoc-ppcp-xet1.autodatacorp.org
lnoc-ppcp-xfs1|lnoc-ppcp-xfs1.autodatacorp.org
lnoc-ppcp-xka1|lnoc-ppcp-xka1.autodatacorp.org
lnoc-ppcp-xka2|lnoc-ppcp-xka2.autodatacorp.org
lnoc-ppcp-xka3|lnoc-ppcp-xka3.autodatacorp.org
lnoc-ppcp-xka4|lnoc-ppcp-xka4.autodatacorp.org
lnoc-ppcp-xka5|lnoc-ppcp-xka5.autodatacorp.org
lnoc-ppcp-xka6|lnoc-ppcp-xka6
lnoc-ppcp-xla1|lnoc-ppcp-xla1
lnoc-ppcp-xlb1|lnoc-ppcp-xlb1.autodatacorp.org
lnoc-ppcp-xmy3|lnoc-ppcp-xmy3
lnoc-ppcp-xmy81|lnoc-ppcp-xmy81
lnoc-ppcp-xmy82|lnoc-ppcp-xmy82
lnoc-ppcp-xmy84|lnoc-ppcp-xmy84
lnoc-ppcp-xmys2|lnoc-ppcp-xmys2
lnoc-ppcp-xmys3|lnoc-ppcp-xmys3
lnoc-ppcp-xso1|lnoc-ppcp-xso1.autodatacorp.org
lnoc-ppcp-xso2|lnoc-ppcp-xso2.autodatacorp.org
lnoc-ppcp-xso3|lnoc-ppcp-xso3.autodatacorp.org
lnoc-ppcp-xso4|lnoc-ppcp-xso4.autodatacorp.org
lnoc-ppcp-xso5|lnoc-ppcp-xso5.autodatacorp.org
lnoc-ppcp-xso6|lnoc-ppcp-xso6.autodatacorp.org
lnoc-ppcp-xso7|lnoc-ppcp-xso7
lnoc-ppcp-xst1|lnoc-ppcp-xst1.autodatacorp.org
lnoc-ppcp-xst10|lnoc-ppcp-xst10.autodatacorp.org
lnoc-ppcp-xst11|lnoc-ppcp-xst11.autodatacorp.org
lnoc-ppcp-xst12|lnoc-ppcp-xst12.autodatacorp.org
lnoc-ppcp-xst2|lnoc-ppcp-xst2.autodatacorp.org
lnoc-ppcp-xst3|lnoc-ppcp-xst3.autodatacorp.org
lnoc-ppcp-xst4|lnoc-ppcp-xst4.autodatacorp.org
lnoc-ppcp-xst5|lnoc-ppcp-xst5.autodatacorp.org
lnoc-ppcp-xst6|lnoc-ppcp-xst6.autodatacorp.org
lnoc-ppcp-xst7|lnoc-ppcp-xst7.autodatacorp.org
lnoc-ppcp-xst8|lnoc-ppcp-xst8.autodatacorp.org
lnoc-ppcp-xst9|lnoc-ppcp-xst9.autodatacorp.org
lnoc-ppcp-xwa1|lnoc-ppcp-xwa1.autodatacorp.org
pnoc-ppcp-xla1|pnoc-ppcp-xla1
pnoc-ppcp-xlb1|pnoc-ppcp-xlb1.autodata.org
pnoc-ppcp-xlb2|pnoc-ppcp-xlb2.autodata.org
pnoc-ppcp-xmys1|pnoc-ppcp-xmys1
pnoc-ppcp-xmys2|pnoc-ppcp-xmys2
pnoc-ppcp-xmys4|pnoc-ppcp-xmys4
pnoc-ppcp-xre1|[SSH_FAILED]|ssh: connect to host pnoc-ppcp-xre1 port 22: Operation timed out
pnoc-ppcp-xso1|pnoc-ppcp-xso1.autodata.org
pnoc-ppcp-xso2|pnoc-ppcp-xso2.autodata.org
pnoc-ppcp-xso3|pnoc-ppcp-xso3.autodata.org
pnoc-ppcp-xso4|pnoc-ppcp-xso4.autodata.org
pnoc-ppcp-xso5|pnoc-ppcp-xso5.autodata.org
pnoc-ppcp-xso6|pnoc-ppcp-xso6.autodata.org
pnoc-ppcp-xso7|pnoc-ppcp-xso7

