fnoc-ppcp-xet1|** ATTENTION: Access to this system is restricted **|Authentication attempts are logged and investigated!|Linux fnoc-ppcp-xet1.autodata.org 3.10.0-1062.12.1.el7.x86_64 #1 SMP Tue Feb 4 23:02:59 UTC 2020 x86_64 x86_64 x86_64 GNU/Linux
fnoc-ppcp-xla1|Linux fnoc-ppcp-xla1 4.15.0-200-generic #211-Ubuntu SMP Thu Nov 24 18:16:04 UTC 2022 x86_64 x86_64 x86_64 GNU/Linux
fnoc-ppcp-xlb1|** ATTENTION: Access to this system is restricted **|Authentication attempts are logged and investigated!|Linux fnoc-ppcp-xlb1.autodata.org 3.10.0-1127.el7.x86_64 #1 SMP Tue Mar 31 23:36:51 UTC 2020 x86_64 x86_64 x86_64 GNU/Linux
fnoc-ppcp-xlb2|** ATTENTION: Access to this system is restricted **|Authentication attempts are logged and investigated!|Linux fnoc-ppcp-xlb2.autodata.org 3.10.0-1127.el7.x86_64 #1 SMP Tue Mar 31 23:36:51 UTC 2020 x86_64 x86_64 x86_64 GNU/Linux
fnoc-ppcp-xmys1|Linux fnoc-ppcp-xmys1 5.15.0-102-generic #112-Ubuntu SMP Tue Mar 5 16:50:32 UTC 2024 x86_64 x86_64 x86_64 GNU/Linux
fnoc-ppcp-xmys2|Linux fnoc-ppcp-xmys2 5.15.0-134-generic #145-Ubuntu SMP Wed Feb 12 20:08:39 UTC 2025 x86_64 x86_64 x86_64 GNU/Linux
fnoc-ppcp-xmys4|Linux fnoc-ppcp-xmys4 5.15.0-141-generic #151-Ubuntu SMP Sun May 18 21:35:19 UTC 2025 x86_64 x86_64 x86_64 GNU/Linux
fnoc-ppcp-xre1|** ATTENTION: Access to this system is restricted **|Authentication attempts are logged and investigated!|Linux fnoc-ppcp-xre1.autodata.org 3.10.0-1062.9.1.el7.x86_64 #1 SMP Fri Dec 6 15:49:49 UTC 2019 x86_64 x86_64 x86_64 GNU/Linux
fnoc-ppcp-xso1|** ATTENTION: Access to this system is restricted **|Authentication attempts are logged and investigated!|Linux fnoc-ppcp-xso1.autodata.org 3.10.0-1062.12.1.el7.x86_64 #1 SMP Tue Feb 4 23:02:59 UTC 2020 x86_64 x86_64 x86_64 GNU/Linux
fnoc-ppcp-xso2|** ATTENTION: Access to this system is restricted **|Authentication attempts are logged and investigated!|Linux fnoc-ppcp-xso2.autodata.org 3.10.0-1062.12.1.el7.x86_64 #1 SMP Tue Feb 4 23:02:59 UTC 2020 x86_64 x86_64 x86_64 GNU/Linux
fnoc-ppcp-xso3|** ATTENTION: Access to this system is restricted **|Authentication attempts are logged and investigated!|Linux fnoc-ppcp-xso3.autodata.org 3.10.0-693.2.2.el7.x86_64 #1 SMP Tue Sep 12 22:26:13 UTC 2017 x86_64 x86_64 x86_64 GNU/Linux
fnoc-ppcp-xso4|** ATTENTION: Access to this system is restricted **|Authentication attempts are logged and investigated!|Linux fnoc-ppcp-xso4.autodata.org 3.10.0-693.2.2.el7.x86_64 #1 SMP Tue Sep 12 22:26:13 UTC 2017 x86_64 x86_64 x86_64 GNU/Linux
fnoc-ppcp-xso5|** ATTENTION: Access to this system is restricted **|Authentication attempts are logged and investigated!|Linux fnoc-ppcp-xso5.autodata.org 3.10.0-693.2.2.el7.x86_64 #1 SMP Tue Sep 12 22:26:13 UTC 2017 x86_64 x86_64 x86_64 GNU/Linux
fnoc-ppcp-xso6|** ATTENTION: Access to this system is restricted **|Authentication attempts are logged and investigated!|Linux fnoc-ppcp-xso6.autodata.org 3.10.0-693.2.2.el7.x86_64 #1 SMP Tue Sep 12 22:26:13 UTC 2017 x86_64 x86_64 x86_64 GNU/Linux
fnoc-ppcp-xws1|** ATTENTION: Access to this system is restricted **|Authentication attempts are logged and investigated!|Linux fnoc-ppcp-xws1.autodata.org 3.10.0-1062.4.3.el7.x86_64 #1 SMP Wed Nov 13 23:58:53 UTC 2019 x86_64 x86_64 x86_64 GNU/Linux
fnoc-ppcp-xws2|** ATTENTION: Access to this system is restricted **|Authentication attempts are logged and investigated!|Linux fnoc-ppcp-xws2.autodata.org 3.10.0-1062.4.3.el7.x86_64 #1 SMP Wed Nov 13 23:58:53 UTC 2019 x86_64 x86_64 x86_64 GNU/Linux
lnoc-ppcp-xet1|** ATTENTION: Access to this system is restricted **|Authentication attempts are logged and investigated!|Linux lnoc-ppcp-xet1.autodatacorp.org 3.10.0-1160.81.1.el7.x86_64 #1 SMP Fri Dec 16 17:29:43 UTC 2022 x86_64 x86_64 x86_64 GNU/Linux
lnoc-ppcp-xfs1|** ATTENTION: Access to this system is restricted **|Authentication attempts are logged and investigated!|Linux lnoc-ppcp-xfs1.autodatacorp.org 3.10.0-1062.18.1.el7.x86_64 #1 SMP Tue Mar 17 23:49:17 UTC 2020 x86_64 x86_64 x86_64 GNU/Linux
lnoc-ppcp-xka1|** ATTENTION: Access to this system is restricted **|Authentication attempts are logged and investigated!|Linux lnoc-ppcp-xka1.autodatacorp.org 3.10.0-693.2.2.el7.x86_64 #1 SMP Tue Sep 12 22:26:13 UTC 2017 x86_64 x86_64 x86_64 GNU/Linux
lnoc-ppcp-xka2|** ATTENTION: Access to this system is restricted **|Authentication attempts are logged and investigated!|Linux lnoc-ppcp-xka2.autodatacorp.org 3.10.0-693.2.2.el7.x86_64 #1 SMP Tue Sep 12 22:26:13 UTC 2017 x86_64 x86_64 x86_64 GNU/Linux
lnoc-ppcp-xka3|** ATTENTION: Access to this system is restricted **|Authentication attempts are logged and investigated!|Linux lnoc-ppcp-xka3.autodatacorp.org 3.10.0-693.2.2.el7.x86_64 #1 SMP Tue Sep 12 22:26:13 UTC 2017 x86_64 x86_64 x86_64 GNU/Linux
lnoc-ppcp-xka4|** ATTENTION: Access to this system is restricted **|Authentication attempts are logged and investigated!|Linux lnoc-ppcp-xka4.autodatacorp.org 3.10.0-693.2.2.el7.x86_64 #1 SMP Tue Sep 12 22:26:13 UTC 2017 x86_64 x86_64 x86_64 GNU/Linux
lnoc-ppcp-xka5|** ATTENTION: Access to this system is restricted **|Authentication attempts are logged and investigated!|Linux lnoc-ppcp-xka5.autodatacorp.org 3.10.0-693.2.2.el7.x86_64 #1 SMP Tue Sep 12 22:26:13 UTC 2017 x86_64 x86_64 x86_64 GNU/Linux
lnoc-ppcp-xka6|Linux lnoc-ppcp-xka6 5.15.0-151-generic #161-Ubuntu SMP Tue Jul 22 14:25:40 UTC 2025 x86_64 x86_64 x86_64 GNU/Linux
lnoc-ppcp-xla1|Linux lnoc-ppcp-xla1 4.15.0-238-generic #250-Ubuntu SMP Sun May 18 20:55:23 UTC 2025 x86_64 x86_64 x86_64 GNU/Linux
lnoc-ppcp-xlb1|** ATTENTION: Access to this system is restricted **|Authentication attempts are logged and investigated!|Linux lnoc-ppcp-xlb1.autodatacorp.org 3.10.0-1160.81.1.el7.x86_64 #1 SMP Fri Dec 16 17:29:43 UTC 2022 x86_64 x86_64 x86_64 GNU/Linux
lnoc-ppcp-xmy3|Linux lnoc-ppcp-xmy3 5.15.0-161-generic #171-Ubuntu SMP Sat Oct 11 08:17:01 UTC 2025 x86_64 x86_64 x86_64 GNU/Linux
lnoc-ppcp-xmy81|Linux lnoc-ppcp-xmy81 5.15.0-141-generic #151-Ubuntu SMP Sun May 18 21:35:19 UTC 2025 x86_64 x86_64 x86_64 GNU/Linux
lnoc-ppcp-xmy82|Linux lnoc-ppcp-xmy82 5.15.0-141-generic #151-Ubuntu SMP Sun May 18 21:35:19 UTC 2025 x86_64 x86_64 x86_64 GNU/Linux
lnoc-ppcp-xmy84|Linux lnoc-ppcp-xmy84 5.15.0-153-generic #163-Ubuntu SMP Thu Aug 7 16:37:18 UTC 2025 x86_64 x86_64 x86_64 GNU/Linux
lnoc-ppcp-xmys2|Linux lnoc-ppcp-xmys2 5.15.0-141-generic #151-Ubuntu SMP Sun May 18 21:35:19 UTC 2025 x86_64 x86_64 x86_64 GNU/Linux
lnoc-ppcp-xmys3|Linux lnoc-ppcp-xmys3 5.15.0-142-generic #152-Ubuntu SMP Mon May 19 10:54:31 UTC 2025 x86_64 x86_64 x86_64 GNU/Linux
lnoc-ppcp-xso1|** ATTENTION: Access to this system is restricted **|Authentication attempts are logged and investigated!|Linux lnoc-ppcp-xso1.autodatacorp.org 3.10.0-1062.18.1.el7.x86_64 #1 SMP Tue Mar 17 23:49:17 UTC 2020 x86_64 x86_64 x86_64 GNU/Linux
lnoc-ppcp-xso2|** ATTENTION: Access to this system is restricted **|Authentication attempts are logged and investigated!|Linux lnoc-ppcp-xso2.autodatacorp.org 3.10.0-1062.18.1.el7.x86_64 #1 SMP Tue Mar 17 23:49:17 UTC 2020 x86_64 x86_64 x86_64 GNU/Linux
lnoc-ppcp-xso3|** ATTENTION: Access to this system is restricted **|Authentication attempts are logged and investigated!|Linux lnoc-ppcp-xso3.autodatacorp.org 3.10.0-693.2.2.el7.x86_64 #1 SMP Tue Sep 12 22:26:13 UTC 2017 x86_64 x86_64 x86_64 GNU/Linux
lnoc-ppcp-xso4|** ATTENTION: Access to this system is restricted **|Authentication attempts are logged and investigated!|Linux lnoc-ppcp-xso4.autodatacorp.org 3.10.0-693.2.2.el7.x86_64 #1 SMP Tue Sep 12 22:26:13 UTC 2017 x86_64 x86_64 x86_64 GNU/Linux
lnoc-ppcp-xso5|** ATTENTION: Access to this system is restricted **|Authentication attempts are logged and investigated!|Linux lnoc-ppcp-xso5.autodatacorp.org 3.10.0-693.2.2.el7.x86_64 #1 SMP Tue Sep 12 22:26:13 UTC 2017 x86_64 x86_64 x86_64 GNU/Linux
lnoc-ppcp-xso6|** ATTENTION: Access to this system is restricted **|Authentication attempts are logged and investigated!|Linux lnoc-ppcp-xso6.autodatacorp.org 3.10.0-693.2.2.el7.x86_64 #1 SMP Tue Sep 12 22:26:13 UTC 2017 x86_64 x86_64 x86_64 GNU/Linux
lnoc-ppcp-xso7|Linux lnoc-ppcp-xso7 5.15.0-141-generic #151-Ubuntu SMP Sun May 18 21:35:19 UTC 2025 x86_64 x86_64 x86_64 GNU/Linux
lnoc-ppcp-xst1|** ATTENTION: Access to this system is restricted **|Authentication attempts are logged and investigated!|Linux lnoc-ppcp-xst1.autodatacorp.org 3.10.0-1062.9.1.el7.x86_64 #1 SMP Fri Dec 6 15:49:49 UTC 2019 x86_64 x86_64 x86_64 GNU/Linux
lnoc-ppcp-xst10|** ATTENTION: Access to this system is restricted **|Authentication attempts are logged and investigated!|Linux lnoc-ppcp-xst10.autodatacorp.org 3.10.0-1127.19.1.el7.x86_64 #1 SMP Tue Aug 25 17:23:54 UTC 2020 x86_64 x86_64 x86_64 GNU/Linux
lnoc-ppcp-xst11|** ATTENTION: Access to this system is restricted **|Authentication attempts are logged and investigated!|Linux lnoc-ppcp-xst11.autodatacorp.org 3.10.0-1160.76.1.el7.x86_64 #1 SMP Wed Aug 10 16:21:17 UTC 2022 x86_64 x86_64 x86_64 GNU/Linux
lnoc-ppcp-xst12|** ATTENTION: Access to this system is restricted **|Authentication attempts are logged and investigated!|Linux lnoc-ppcp-xst12.autodatacorp.org 3.10.0-1160.76.1.el7.x86_64 #1 SMP Wed Aug 10 16:21:17 UTC 2022 x86_64 x86_64 x86_64 GNU/Linux
lnoc-ppcp-xst2|** ATTENTION: Access to this system is restricted **|Authentication attempts are logged and investigated!|Linux lnoc-ppcp-xst2.autodatacorp.org 3.10.0-1062.9.1.el7.x86_64 #1 SMP Fri Dec 6 15:49:49 UTC 2019 x86_64 x86_64 x86_64 GNU/Linux
lnoc-ppcp-xst3|** ATTENTION: Access to this system is restricted **|Authentication attempts are logged and investigated!|Linux lnoc-ppcp-xst3.autodatacorp.org 3.10.0-1062.9.1.el7.x86_64 #1 SMP Fri Dec 6 15:49:49 UTC 2019 x86_64 x86_64 x86_64 GNU/Linux
lnoc-ppcp-xst4|** ATTENTION: Access to this system is restricted **|Authentication attempts are logged and investigated!|Linux lnoc-ppcp-xst4.autodatacorp.org 3.10.0-1062.9.1.el7.x86_64 #1 SMP Fri Dec 6 15:49:49 UTC 2019 x86_64 x86_64 x86_64 GNU/Linux
lnoc-ppcp-xst5|** ATTENTION: Access to this system is restricted **|Authentication attempts are logged and investigated!|Linux lnoc-ppcp-xst5.autodatacorp.org 3.10.0-1062.9.1.el7.x86_64 #1 SMP Fri Dec 6 15:49:49 UTC 2019 x86_64 x86_64 x86_64 GNU/Linux
lnoc-ppcp-xst6|** ATTENTION: Access to this system is restricted **|Authentication attempts are logged and investigated!|Linux lnoc-ppcp-xst6.autodatacorp.org 3.10.0-1062.9.1.el7.x86_64 #1 SMP Fri Dec 6 15:49:49 UTC 2019 x86_64 x86_64 x86_64 GNU/Linux
lnoc-ppcp-xst7|** ATTENTION: Access to this system is restricted **|Authentication attempts are logged and investigated!|Linux lnoc-ppcp-xst7.autodatacorp.org 3.10.0-1062.9.1.el7.x86_64 #1 SMP Fri Dec 6 15:49:49 UTC 2019 x86_64 x86_64 x86_64 GNU/Linux
lnoc-ppcp-xst8|** ATTENTION: Access to this system is restricted **|Authentication attempts are logged and investigated!|Linux lnoc-ppcp-xst8.autodatacorp.org 3.10.0-1160.76.1.el7.x86_64 #1 SMP Wed Aug 10 16:21:17 UTC 2022 x86_64 x86_64 x86_64 GNU/Linux
lnoc-ppcp-xst9|** ATTENTION: Access to this system is restricted **|Authentication attempts are logged and investigated!|Linux lnoc-ppcp-xst9.autodatacorp.org 3.10.0-1127.19.1.el7.x86_64 #1 SMP Tue Aug 25 17:23:54 UTC 2020 x86_64 x86_64 x86_64 GNU/Linux
lnoc-ppcp-xwa1|** ATTENTION: Access to this system is restricted **|Authentication attempts are logged and investigated!|Linux lnoc-ppcp-xwa1.autodatacorp.org 3.10.0-1160.80.1.el7.x86_64 #1 SMP Tue Nov 8 15:48:59 UTC 2022 x86_64 x86_64 x86_64 GNU/Linux
pnoc-ppcp-xla1|Linux pnoc-ppcp-xla1 4.15.0-238-generic #250-Ubuntu SMP Sun May 18 20:55:23 UTC 2025 x86_64 x86_64 x86_64 GNU/Linux
pnoc-ppcp-xlb1|** ATTENTION: Access to this system is restricted **|Authentication attempts are logged and investigated!|Linux pnoc-ppcp-xlb1.autodata.org 3.10.0-1127.el7.x86_64 #1 SMP Tue Mar 31 23:36:51 UTC 2020 x86_64 x86_64 x86_64 GNU/Linux
pnoc-ppcp-xlb2|** ATTENTION: Access to this system is restricted **|Authentication attempts are logged and investigated!|Linux pnoc-ppcp-xlb2.autodata.org 3.10.0-1127.el7.x86_64 #1 SMP Tue Mar 31 23:36:51 UTC 2020 x86_64 x86_64 x86_64 GNU/Linux
pnoc-ppcp-xmys1|Linux pnoc-ppcp-xmys1 5.15.0-138-generic #148-Ubuntu SMP Fri Mar 14 19:05:48 UTC 2025 x86_64 x86_64 x86_64 GNU/Linux
pnoc-ppcp-xmys2|Linux pnoc-ppcp-xmys2 5.15.0-138-generic #148-Ubuntu SMP Fri Mar 14 19:05:48 UTC 2025 x86_64 x86_64 x86_64 GNU/Linux
pnoc-ppcp-xmys4|Linux pnoc-ppcp-xmys4 5.15.0-138-generic #148-Ubuntu SMP Fri Mar 14 19:05:48 UTC 2025 x86_64 x86_64 x86_64 GNU/Linux
pnoc-ppcp-xre1|[SSH_FAILED]|ssh: connect to host pnoc-ppcp-xre1 port 22: Operation timed out
pnoc-ppcp-xso1|** ATTENTION: Access to this system is restricted **|Authentication attempts are logged and investigated!|Linux pnoc-ppcp-xso1.autodata.org 3.10.0-1062.12.1.el7.x86_64 #1 SMP Tue Feb 4 23:02:59 UTC 2020 x86_64 x86_64 x86_64 GNU/Linux
pnoc-ppcp-xso2|** ATTENTION: Access to this system is restricted **|Authentication attempts are logged and investigated!|Linux pnoc-ppcp-xso2.autodata.org 3.10.0-1062.12.1.el7.x86_64 #1 SMP Tue Feb 4 23:02:59 UTC 2020 x86_64 x86_64 x86_64 GNU/Linux
pnoc-ppcp-xso3|** ATTENTION: Access to this system is restricted **|Authentication attempts are logged and investigated!|Linux pnoc-ppcp-xso3.autodata.org 3.10.0-693.2.2.el7.x86_64 #1 SMP Tue Sep 12 22:26:13 UTC 2017 x86_64 x86_64 x86_64 GNU/Linux
pnoc-ppcp-xso4|** ATTENTION: Access to this system is restricted **|Authentication attempts are logged and investigated!|Linux pnoc-ppcp-xso4.autodata.org 3.10.0-693.2.2.el7.x86_64 #1 SMP Tue Sep 12 22:26:13 UTC 2017 x86_64 x86_64 x86_64 GNU/Linux
pnoc-ppcp-xso5|** ATTENTION: Access to this system is restricted **|Authentication attempts are logged and investigated!|Linux pnoc-ppcp-xso5.autodata.org 3.10.0-693.2.2.el7.x86_64 #1 SMP Tue Sep 12 22:26:13 UTC 2017 x86_64 x86_64 x86_64 GNU/Linux
pnoc-ppcp-xso6|** ATTENTION: Access to this system is restricted **|Authentication attempts are logged and investigated!|Linux pnoc-ppcp-xso6.autodata.org 3.10.0-693.2.2.el7.x86_64 #1 SMP Tue Sep 12 22:26:13 UTC 2017 x86_64 x86_64 x86_64 GNU/Linux
pnoc-ppcp-xso7|Linux pnoc-ppcp-xso7 5.15.0-76-generic #83-Ubuntu SMP Thu Jun 15 19:16:32 UTC 2023 x86_64 x86_64 x86_64 GNU/Linux

